[1/248] Scenario_09/00000: M2_dist=23.23px peak_mass=0.121071 correct=False
[2/248] Scenario_09/00001: M2_dist=36.30px peak_mass=0.178139 correct=False
[3/248] Scenario_09/00002: M2_dist=61.16px peak_mass=0.133897 correct=False
[4/248] Scenario_09/00003: M2_dist=9.05px peak_mass=0.075833 correct=True
[5/248] Scenario_09/00004: M2_dist=30.86px peak_mass=0.103928 correct=False
[6/248] Scenario_09/00005: M2_dist=19.44px peak_mass=0.262911 correct=False
[7/248] Scenario_09/00006: M2_dist=16.25px peak_mass=0.052868 correct=False
[8/248] Scenario_09/00007: M2_dist=31.46px peak_mass=0.062069 correct=False
[9/248] Scenario_09/00008: M2_dist=72.39px peak_mass=0.058109 correct=False
[10/248] Scenario_09/00009: M2_dist=12.36px peak_mass=0.247975 correct=False
[11/248] Scenario_09/00010: M2_dist=10.40px peak_mass=0.116359 correct=False
[12/248] Scenario_09/00011: M2_dist=96.39px peak_mass=0.134691 correct=False
[13/248] Scenario_09/00012: M2_dist=19.23px peak_mass=0.175162 correct=False
[14/248] Scenario_09/00013: M2_dist=73.99px peak_mass=0.365546 correct=False
[15/248] Scenario_09/00014: M2_dist=37.60px peak_mass=0.126423 correct=False
[16/248] Scenario_09/00015: M2_dist=21.23px peak_mass=0.129456 correct=False
[17/248] Scenario_09/00016: M2_dist=26.53px peak_mass=0.162988 correct=False
[18/248] Scenario_09/00017: M2_dist=50.74px peak_mass=0.078055 correct=False
[19/248] Scenario_09/00018: M2_dist=5.98px peak_mass=0.168857 correct=True
[20/248] Scenario_09/00019: M2_dist=11.52px peak_mass=0.184696 correct=False
[21/248] Scenario_09/00020: M2_dist=11.14px peak_mass=0.140278 correct=False
[22/248] Scenario_09/00021: M2_dist=39.75px peak_mass=0.071790 correct=False
[23/248] Scenario_09/00022: M2_dist=27.15px peak_mass=0.230958 correct=False
[24/248] Scenario_09/00023: M2_dist=77.34px peak_mass=0.240692 correct=False
[25/248] Scenario_09/00024: M2_dist=40.95px peak_mass=0.102683 correct=False
[26/248] Scenario_09/00025: M2_dist=56.18px peak_mass=0.081400 correct=False
[27/248] Scenario_09/00026: M2_dist=59.46px peak_mass=0.109971 correct=False
[28/248] Scenario_09/00027: M2_dist=28.15px peak_mass=0.189600 correct=False
[29/248] Scenario_09/00028: M2_dist=30.54px peak_mass=0.248145 correct=False
[30/248] Scenario_09/00029: M2_dist=65.00px peak_mass=0.146734 correct=False
[31/248] Scenario_09/00030: M2_dist=18.79px peak_mass=0.525050 correct=False
[32/248] Scenario_09/00031: M2_dist=57.77px peak_mass=0.508040 correct=False
[33/248] Scenario_09/00032: M2_dist=13.93px peak_mass=0.070602 correct=False
[34/248] Scenario_09/00033: M2_dist=9.85px peak_mass=0.114645 correct=True
[35/248] Scenario_09/00034: M2_dist=36.84px peak_mass=0.152750 correct=False
[36/248] Scenario_09/00035: M2_dist=58.06px peak_mass=0.181214 correct=False
[37/248] Scenario_09/00036: M2_dist=65.07px peak_mass=0.137293 correct=False
[38/248] Scenario_09/00037: M2_dist=79.98px peak_mass=0.077182 correct=False
[39/248] Scenario_09/00038: M2_dist=94.60px peak_mass=0.305358 correct=False
[40/248] Scenario_09/00039: M2_dist=76.91px peak_mass=0.434459 correct=False
[41/248] Scenario_09/00040: M2_dist=27.22px peak_mass=0.047468 correct=False
[42/248] Scenario_09/00041: M2_dist=16.06px peak_mass=0.108833 correct=False
[43/248] Scenario_09/00042: M2_dist=23.08px peak_mass=0.105234 correct=False
[44/248] Scenario_09/00043: M2_dist=15.31px peak_mass=0.058341 correct=False
[45/248] Scenario_09/00044: M2_dist=39.12px peak_mass=0.099917 correct=False
[46/248] Scenario_09/00045: M2_dist=38.38px peak_mass=0.255207 correct=False
[47/248] Scenario_09/00046: M2_dist=54.19px peak_mass=0.369757 correct=False
[48/248] Scenario_09/00047: M2_dist=110.47px peak_mass=0.113968 correct=False
[49/248] Scenario_09/00048: M2_dist=96.69px peak_mass=0.323317 correct=False
[50/248] Scenario_09/00049: M2_dist=15.77px peak_mass=0.059247 correct=False
[51/248] Scenario_09/00050: M2_dist=41.97px peak_mass=0.086007 correct=False
[52/248] Scenario_09/00051: M2_dist=37.37px peak_mass=0.048607 correct=False
[53/248] Scenario_09/00052: M2_dist=10.09px peak_mass=0.111725 correct=False
[54/248] Scenario_09/00053: M2_dist=38.61px peak_mass=0.256026 correct=False
[55/248] Scenario_09/00054: M2_dist=26.58px peak_mass=0.196176 correct=False
[56/248] Scenario_09/00055: M2_dist=24.20px peak_mass=0.085123 correct=False
[57/248] Scenario_09/00056: M2_dist=27.05px peak_mass=0.264569 correct=False
[58/248] Scenario_09/00057: M2_dist=28.87px peak_mass=0.070811 correct=False
[59/248] Scenario_09/00058: M2_dist=32.78px peak_mass=0.042108 correct=False
[60/248] Scenario_09/00059: M2_dist=34.18px peak_mass=0.108091 correct=False
[61/248] Scenario_09/00060: M2_dist=27.58px peak_mass=0.089693 correct=False
[62/248] Scenario_09/00061: M2_dist=28.17px peak_mass=0.195365 correct=False
[63/248] Scenario_09/00062: M2_dist=5.70px peak_mass=0.046037 correct=True
[64/248] Scenario_09/00063: M2_dist=20.66px peak_mass=0.164044 correct=False
[65/248] Scenario_09/00064: M2_dist=31.84px peak_mass=0.073331 correct=False
[66/248] Scenario_09/00065: M2_dist=74.01px peak_mass=0.180982 correct=False
[67/248] Scenario_09/00066: M2_dist=15.65px peak_mass=0.090781 correct=False
[68/248] Scenario_09/00067: M2_dist=43.70px peak_mass=0.106248 correct=False
[69/248] Scenario_09/00068: M2_dist=55.96px peak_mass=0.083482 correct=False
[70/248] Scenario_09/00069: M2_dist=13.07px peak_mass=0.200921 correct=False
[71/248] Scenario_09/00070: M2_dist=40.54px peak_mass=0.074117 correct=False
[72/248] Scenario_09/00071: M2_dist=25.49px peak_mass=0.118009 correct=False
[73/248] Scenario_09/00072: M2_dist=26.84px peak_mass=0.044943 correct=False
[74/248] Scenario_09/00073: M2_dist=3.12px peak_mass=0.111752 correct=True
[75/248] Scenario_09/00074: M2_dist=26.76px peak_mass=0.212621 correct=False
[76/248] Scenario_09/00075: M2_dist=48.59px peak_mass=0.219499 correct=False
[77/248] Scenario_09/00076: M2_dist=24.07px peak_mass=0.121278 correct=False
[78/248] Scenario_09/00077: M2_dist=4.56px peak_mass=0.153360 correct=True
[79/248] Scenario_09/00078: M2_dist=35.85px peak_mass=0.084955 correct=False
[80/248] Scenario_09/00079: M2_dist=41.67px peak_mass=0.172607 correct=False
[81/248] Scenario_09/00080: M2_dist=67.37px peak_mass=0.110772 correct=False
[82/248] Scenario_09/00081: M2_dist=25.67px peak_mass=0.080495 correct=False
[83/248] Scenario_09/00082: M2_dist=110.06px peak_mass=0.066012 correct=False
[84/248] Scenario_09/00083: M2_dist=15.40px peak_mass=0.149565 correct=False
[85/248] Scenario_09/00084: M2_dist=71.38px peak_mass=0.062792 correct=False
[86/248] Scenario_09/00085: M2_dist=50.02px peak_mass=0.207231 correct=False
[87/248] Scenario_09/00086: M2_dist=28.56px peak_mass=0.173344 correct=False
[88/248] Scenario_09/00087: M2_dist=33.07px peak_mass=0.126223 correct=False
[89/248] Scenario_09/00088: M2_dist=22.50px peak_mass=0.055666 correct=False
[90/248] Scenario_09/00089: M2_dist=20.48px peak_mass=0.119549 correct=False
[91/248] Scenario_09/00090: M2_dist=43.41px peak_mass=0.092230 correct=False
[92/248] Scenario_09/00091: M2_dist=24.61px peak_mass=0.122858 correct=False
[93/248] Scenario_09/00092: M2_dist=24.86px peak_mass=0.106676 correct=False
[94/248] Scenario_09/00093: M2_dist=66.07px peak_mass=0.157096 correct=False
[95/248] Scenario_09/00094: M2_dist=35.17px peak_mass=0.081432 correct=False
[96/248] Scenario_09/00095: M2_dist=12.50px peak_mass=0.185882 correct=False
[97/248] Scenario_09/00096: M2_dist=92.63px peak_mass=0.096665 correct=False
[98/248] Scenario_09/00097: M2_dist=75.68px peak_mass=0.036058 correct=False
[99/248] Scenario_09/00098: M2_dist=55.41px peak_mass=0.044403 correct=False
[100/248] Scenario_09/00099: M2_dist=23.23px peak_mass=0.083525 correct=False
[101/248] Scenario_09/00100: M2_dist=35.42px peak_mass=0.181692 correct=False
[102/248] Scenario_09/00101: M2_dist=11.86px peak_mass=0.122060 correct=False
[103/248] Scenario_09/00102: M2_dist=23.91px peak_mass=0.065218 correct=False
[104/248] Scenario_09/00103: M2_dist=42.26px peak_mass=0.053709 correct=False
[105/248] Scenario_09/00104: M2_dist=38.16px peak_mass=0.070266 correct=False
[106/248] Scenario_09/00105: M2_dist=52.98px peak_mass=0.026233 correct=False
[107/248] Scenario_09/00106: M2_dist=46.43px peak_mass=0.052651 correct=False
[108/248] Scenario_09/00107: M2_dist=16.22px peak_mass=0.055469 correct=False
[109/248] Scenario_09/00108: M2_dist=38.56px peak_mass=0.036364 correct=False
[110/248] Scenario_09/00109: M2_dist=41.32px peak_mass=0.091128 correct=False
[111/248] Scenario_09/00110: M2_dist=18.25px peak_mass=0.067609 correct=False
[112/248] Scenario_09/00111: M2_dist=6.42px peak_mass=0.174803 correct=True
[113/248] Scenario_09/00112: M2_dist=46.03px peak_mass=0.056504 correct=False
[114/248] Scenario_09/00113: M2_dist=15.48px peak_mass=0.082502 correct=False
[115/248] Scenario_09/00114: M2_dist=15.63px peak_mass=0.111094 correct=False
[116/248] Scenario_09/00115: M2_dist=31.36px peak_mass=0.097663 correct=False
[117/248] Scenario_09/00116: M2_dist=6.27px peak_mass=0.099984 correct=True
[118/248] Scenario_09/00117: M2_dist=7.46px peak_mass=0.095073 correct=True
[119/248] Scenario_09/00118: M2_dist=9.40px peak_mass=0.079379 correct=True
[120/248] Scenario_09/00119: M2_dist=53.40px peak_mass=0.405844 correct=False
[121/248] Scenario_09/00120: M2_dist=46.34px peak_mass=0.125974 correct=False
[122/248] Scenario_09/00121: M2_dist=35.45px peak_mass=0.118135 correct=False
[123/248] Scenario_09/00122: M2_dist=18.01px peak_mass=0.115950 correct=False
[124/248] Scenario_09/00123: M2_dist=110.80px peak_mass=0.016196 correct=False
[125/248] Scenario_09/00124: M2_dist=163.43px peak_mass=0.032369 correct=False
[126/248] Scenario_09/00125: M2_dist=41.41px peak_mass=0.015873 correct=False
[127/248] Scenario_09/00126: M2_dist=34.28px peak_mass=0.062696 correct=False
[128/248] Scenario_09/00127: M2_dist=60.03px peak_mass=0.048090 correct=False
[129/248] Scenario_09/00128: M2_dist=26.38px peak_mass=0.081010 correct=False
[130/248] Scenario_09/00129: M2_dist=17.08px peak_mass=0.159668 correct=False
[131/248] Scenario_09/00130: M2_dist=17.06px peak_mass=0.133615 correct=False
[132/248] Scenario_09/00131: M2_dist=15.18px peak_mass=0.062818 correct=False
[133/248] Scenario_09/00132: M2_dist=19.78px peak_mass=0.144406 correct=False
[134/248] Scenario_09/00133: M2_dist=26.89px peak_mass=0.109549 correct=False
[135/248] Scenario_09/00134: M2_dist=21.63px peak_mass=0.127438 correct=False
[136/248] Scenario_09/00135: M2_dist=11.84px peak_mass=0.092590 correct=False
[137/248] Scenario_09/00136: M2_dist=46.27px peak_mass=0.106332 correct=False
[138/248] Scenario_09/00137: M2_dist=26.10px peak_mass=0.087315 correct=False
[139/248] Scenario_09/00138: M2_dist=32.97px peak_mass=0.064357 correct=False
[140/248] Scenario_09/00139: M2_dist=12.86px peak_mass=0.182082 correct=False
[141/248] Scenario_09/00140: M2_dist=65.66px peak_mass=0.087197 correct=False
[142/248] Scenario_09/00141: M2_dist=18.47px peak_mass=0.145988 correct=False
[143/248] Scenario_09/00142: M2_dist=22.02px peak_mass=0.144689 correct=False
[144/248] Scenario_09/00143: M2_dist=95.57px peak_mass=0.083913 correct=False
[145/248] Scenario_09/00144: M2_dist=55.01px peak_mass=0.170769 correct=False
[146/248] Scenario_09/00145: M2_dist=43.01px peak_mass=0.179993 correct=False
[147/248] Scenario_09/00146: M2_dist=17.24px peak_mass=0.164386 correct=False
[148/248] Scenario_09/00147: M2_dist=15.38px peak_mass=0.173592 correct=False
[149/248] Scenario_09/00148: M2_dist=81.53px peak_mass=0.142479 correct=False
[150/248] Scenario_09/00149: M2_dist=9.73px peak_mass=0.163496 correct=True
[151/248] Scenario_09/00150: M2_dist=14.36px peak_mass=0.168492 correct=False
[152/248] Scenario_09/00151: M2_dist=67.01px peak_mass=0.291107 correct=False
[153/248] Scenario_09/00152: M2_dist=10.69px peak_mass=0.142527 correct=False
[154/248] Scenario_09/00153: M2_dist=20.51px peak_mass=0.084032 correct=False
[155/248] Scenario_09/00154: M2_dist=41.54px peak_mass=0.093880 correct=False
[156/248] Scenario_09/00155: M2_dist=11.55px peak_mass=0.179299 correct=False
[157/248] Scenario_09/00156: M2_dist=19.81px peak_mass=0.097149 correct=False
[158/248] Scenario_09/00157: M2_dist=69.25px peak_mass=0.201924 correct=False
[159/248] Scenario_09/00158: M2_dist=2.83px peak_mass=0.078435 correct=True
[160/248] Scenario_09/00159: M2_dist=43.05px peak_mass=0.089061 correct=False
[161/248] Scenario_09/00160: M2_dist=29.32px peak_mass=0.067120 correct=False
[162/248] Scenario_09/00161: M2_dist=32.78px peak_mass=0.460321 correct=False
[163/248] Scenario_09/00162: M2_dist=52.06px peak_mass=0.053644 correct=False
[164/248] Scenario_09/00163: M2_dist=30.94px peak_mass=0.247220 correct=False
[165/248] Scenario_09/00164: M2_dist=14.99px peak_mass=0.061459 correct=False
[166/248] Scenario_09/00165: M2_dist=55.29px peak_mass=0.334150 correct=False
[167/248] Scenario_09/00166: M2_dist=93.33px peak_mass=0.036858 correct=False
[168/248] Scenario_09/00167: M2_dist=86.35px peak_mass=0.042600 correct=False
[169/248] Scenario_09/00168: M2_dist=5.56px peak_mass=0.113743 correct=True
[170/248] Scenario_09/00169: M2_dist=83.98px peak_mass=0.136765 correct=False
[171/248] Scenario_09/00170: M2_dist=88.21px peak_mass=0.123544 correct=False
[172/248] Scenario_09/00171: M2_dist=115.41px peak_mass=0.071757 correct=False
[173/248] Scenario_09/00172: M2_dist=38.56px peak_mass=0.302345 correct=False
[174/248] Scenario_09/00173: M2_dist=19.06px peak_mass=0.048207 correct=False
[175/248] Scenario_09/00174: M2_dist=10.57px peak_mass=0.186021 correct=False
[176/248] Scenario_09/00175: M2_dist=3.57px peak_mass=0.154233 correct=True
[177/248] Scenario_09/00176: M2_dist=27.88px peak_mass=0.108336 correct=False
[178/248] Scenario_09/00177: M2_dist=36.48px peak_mass=0.179533 correct=False
[179/248] Scenario_09/00178: M2_dist=10.02px peak_mass=0.254960 correct=False
[180/248] Scenario_09/00179: M2_dist=23.72px peak_mass=0.099506 correct=False
[181/248] Scenario_09/00180: M2_dist=149.95px peak_mass=0.065260 correct=False
[182/248] Scenario_09/00181: M2_dist=38.24px peak_mass=0.125047 correct=False
[183/248] Scenario_09/00182: M2_dist=77.09px peak_mass=0.100334 correct=False
[184/248] Scenario_10/00000: M2_dist=63.66px peak_mass=0.110226 correct=False
[185/248] Scenario_10/00001: M2_dist=15.83px peak_mass=0.075948 correct=False
[186/248] Scenario_10/00002: M2_dist=44.97px peak_mass=0.056657 correct=False
[187/248] Scenario_10/00003: M2_dist=36.88px peak_mass=0.012355 correct=False
[188/248] Scenario_10/00004: M2_dist=95.31px peak_mass=0.024475 correct=False
[189/248] Scenario_10/00005: M2_dist=124.11px peak_mass=0.010274 correct=False
[190/248] Scenario_10/00006: M2_dist=47.84px peak_mass=0.007032 correct=False
[191/248] Scenario_10/00007: M2_dist=88.81px peak_mass=0.004709 correct=False
[192/248] Scenario_10/00008: M2_dist=59.41px peak_mass=0.046545 correct=False
[193/248] Scenario_10/00009: M2_dist=46.08px peak_mass=0.023527 correct=False
[194/248] Scenario_10/00010: M2_dist=83.61px peak_mass=0.006749 correct=False
[195/248] Scenario_10/00011: M2_dist=155.45px peak_mass=0.004962 correct=False
[196/248] Scenario_10/00012: M2_dist=269.54px peak_mass=0.003524 correct=False
[197/248] Scenario_10/00013: M2_dist=461.39px peak_mass=0.005445 correct=False
[198/248] Scenario_10/00014: M2_dist=35.84px peak_mass=0.017706 correct=False
[199/248] Scenario_10/00015: M2_dist=113.70px peak_mass=0.006880 correct=False
[200/248] Scenario_10/00016: M2_dist=82.81px peak_mass=0.006928 correct=False
[201/248] Scenario_10/00017: M2_dist=480.69px peak_mass=0.002693 correct=False
[202/248] Scenario_10/00018: M2_dist=97.70px peak_mass=0.004966 correct=False
[203/248] Scenario_10/00019: M2_dist=119.61px peak_mass=0.010364 correct=False
[204/248] Scenario_10/00020: M2_dist=629.28px peak_mass=0.002484 correct=False
[205/248] Scenario_10/00021: M2_dist=602.99px peak_mass=0.004997 correct=False
[206/248] Scenario_10/00022: M2_dist=579.24px peak_mass=0.003332 correct=False
[207/248] Scenario_10/00023: M2_dist=122.33px peak_mass=0.007605 correct=False
[208/248] Scenario_10/00024: M2_dist=73.91px peak_mass=0.004996 correct=False
[209/248] Scenario_10/00025: M2_dist=61.89px peak_mass=0.005424 correct=False
[210/248] Scenario_10/00026: M2_dist=171.11px peak_mass=0.003165 correct=False
[211/248] Scenario_10/00027: M2_dist=251.60px peak_mass=0.003652 correct=False
[212/248] Scenario_10/00028: M2_dist=269.92px peak_mass=0.006811 correct=False
[213/248] Scenario_10/00029: M2_dist=177.06px peak_mass=0.017617 correct=False
[214/248] Scenario_10/00030: M2_dist=36.86px peak_mass=0.010855 correct=False
[215/248] Scenario_10/00031: M2_dist=35.40px peak_mass=0.026858 correct=False
[216/248] Scenario_10/00032: M2_dist=146.12px peak_mass=0.022293 correct=False
[217/248] Scenario_10/00033: M2_dist=51.59px peak_mass=0.009398 correct=False
[218/248] Scenario_10/00034: M2_dist=28.79px peak_mass=0.031895 correct=False
[219/248] Scenario_10/00035: M2_dist=34.99px peak_mass=0.011068 correct=False
[220/248] Scenario_10/00036: M2_dist=48.39px peak_mass=0.058002 correct=False
[221/248] Scenario_10/00037: M2_dist=68.87px peak_mass=0.039008 correct=False
[222/248] Scenario_10/00038: M2_dist=10.00px peak_mass=0.052460 correct=True
[223/248] Scenario_10/00039: M2_dist=56.06px peak_mass=0.018810 correct=False
[224/248] Scenario_10/00040: M2_dist=66.48px peak_mass=0.012002 correct=False
[225/248] Scenario_10/00041: M2_dist=101.09px peak_mass=0.025146 correct=False
[226/248] Scenario_10/00042: M2_dist=64.78px peak_mass=0.021779 correct=False
[227/248] Scenario_10/00043: M2_dist=9.96px peak_mass=0.032291 correct=True
[228/248] Scenario_10/00044: M2_dist=82.71px peak_mass=0.034002 correct=False
[229/248] Scenario_10/00045: M2_dist=113.96px peak_mass=0.005407 correct=False
[230/248] Scenario_10/00046: M2_dist=55.30px peak_mass=0.027078 correct=False
[231/248] Scenario_10/00047: M2_dist=33.85px peak_mass=0.022611 correct=False
[232/248] Scenario_10/00048: M2_dist=46.83px peak_mass=0.025670 correct=False
[233/248] Scenario_10/00049: M2_dist=88.08px peak_mass=0.123181 correct=False
[234/248] Scenario_10/00050: M2_dist=52.03px peak_mass=0.076462 correct=False
[235/248] Scenario_10/00051: M2_dist=92.07px peak_mass=0.032786 correct=False
[236/248] Scenario_10/00052: M2_dist=72.79px peak_mass=0.058023 correct=False
[237/248] Scenario_10/00053: M2_dist=48.56px peak_mass=0.029226 correct=False
[238/248] Scenario_10/00054: M2_dist=34.98px peak_mass=0.068619 correct=False
[239/248] Scenario_10/00055: M2_dist=20.51px peak_mass=0.105768 correct=False
[240/248] Scenario_10/00056: M2_dist=62.65px peak_mass=0.029466 correct=False
[241/248] Scenario_10/00057: M2_dist=25.72px peak_mass=0.055415 correct=False
[242/248] Scenario_10/00058: M2_dist=34.96px peak_mass=0.188866 correct=False
[243/248] Scenario_10/00059: M2_dist=45.41px peak_mass=0.089237 correct=False
[244/248] Scenario_10/00060: M2_dist=7.05px peak_mass=0.035778 correct=True
[245/248] Scenario_10/00061: M2_dist=25.87px peak_mass=0.053981 correct=False
[246/248] Scenario_10/00062: M2_dist=88.87px peak_mass=0.111124 correct=False
[247/248] Scenario_10/00063: M2_dist=45.06px peak_mass=0.091209 correct=False
[248/248] Scenario_10/00064: M2_dist=57.98px peak_mass=0.094766 correct=False

RESUMEN
data_root=/workspace/data/Task2 cases=248 groups=10 fallback=False
M1 nearest_top1pct=0.003402 nearest_median_rank_pct=81.835938
M1 bilinear_top1pct=0.003906 bilinear_median_rank_pct=82.446289
M2 recall_10px=0.068548 median_distance_px=37.121216
M3 median_peak_mass=0.090954296 corr_mass_correct=-0.016905
report=experiments/80-t2-diagnostics/correspondence.md
